---
source: tool/tests/dotnet_target.rs
expression: out_texts.get(out).unwrap()
---
// <auto-generated/> by Diplomat

#pragma warning disable 0105
using System;
using System.Runtime.InteropServices;

using SomeOrg.SomeModule;
using We.Also.Need.This;
using OurOrg.OurRustLib.Diplomat;
#pragma warning restore 0105

namespace OurOrg.OurRustLib.Raw;

#nullable enable

[StructLayout(LayoutKind.Sequential)]
public partial struct MyStruct
{
#if __IOS__
    private const string NativeLib = "libmylib.framework/libmylib";
#else
    private const string NativeLib = "mylib";
#endif

    [DllImport(NativeLib, CallingConvention = CallingConvention.Cdecl, EntryPoint = "MyStruct_new_slice", ExactSpelling = true)]
    public static unsafe extern IntPtr NewSlice(double* v, nuint vSz);

    [DllImport(NativeLib, CallingConvention = CallingConvention.Cdecl, EntryPoint = "MyStruct_set_slice", ExactSpelling = true)]
    public static unsafe extern IntPtr SetSlice(MyStruct* self, double* newSlice, nuint newSliceSz);

    [DllImport(NativeLib, CallingConvention = CallingConvention.Cdecl, EntryPoint = "MyStruct_destroy", ExactSpelling = true)]
    public static unsafe extern void Destroy(MyStruct* self);
}

