---
source: tool/tests/dotnet_target.rs
expression: out_texts.get(out).unwrap()
---
// <auto-generated/> by Diplomat

#pragma warning disable 0105
using System;
using System.Runtime.InteropServices;

using Interop.Diplomat;
#pragma warning restore 0105

namespace Interop.Raw;

#nullable enable

[StructLayout(LayoutKind.Sequential)]
public partial struct FfiResultVoidVoid
{
    private const string NativeLib = "rust";
    [MarshalAs(UnmanagedType.U1)]
    public bool isOk;

    [DllImport(NativeLib, CallingConvention = CallingConvention.Cdecl, EntryPoint = "result_unit_unit_destroy", ExactSpelling = true)]
    public static unsafe extern void Destroy(IntPtr self);
}

